Node B configuration:
  Max Inflight: 32
  Neighbors:
    - A (127.0.0.1:50051)
    - C (127.0.0.1:50053)
    - D (127.0.0.1:50054)
Neighbors for B: A(127.0.0.1:50051) C(127.0.0.1:50053) D(127.0.0.1:50054)
Starting node B on 127.0.0.1:50052
Server started. Ctrl-C to exit.
[iter-1-fresh-1765243971459023000] B received (path=A,)
[iter-1-fresh-1765243971459023000] B -> C (size=4096)
[iter-1-fresh-1765243971459023000] B received (path=A,)
[iter-1-fresh-1765243971459023000] B -> C (size=4096)
[iter-1-fresh-1765243971459023000] B received (path=A,)
[iter-1-fresh-1765243971459023000] B -> C (size=4096)
[iter-2-fresh-1765243977790963000] B received (path=A,)
[iter-2-fresh-1765243977790963000] B -> C (size=4096)
[iter-2-fresh-1765243977790963000] B received (path=A,)
[iter-2-fresh-1765243977790963000] B -> C (size=4096)
[iter-2-fresh-1765243977790963000] B received (path=A,)
[iter-2-fresh-1765243977790963000] B -> C (size=4096)
[iter-3-fresh-1765243984113564000] B received (path=A,)
[iter-3-fresh-1765243984113564000] B -> C (size=4096)
[iter-3-fresh-1765243984113564000] B received (path=A,)
[iter-3-fresh-1765243984113564000] B -> C (size=4096)
[iter-3-fresh-1765243984113564000] B received (path=A,)
[iter-3-fresh-1765243984113564000] B -> C (size=4096)
[iter-4-fresh-1765243990453845000] B received (path=A,)
[iter-4-fresh-1765243990453845000] B -> C (size=4096)
[iter-4-fresh-1765243990453845000] B received (path=A,)
[iter-4-fresh-1765243990453845000] B -> C (size=4096)
[iter-4-fresh-1765243990453845000] B received (path=A,)
[iter-4-fresh-1765243990453845000] B -> C (size=4096)
[iter-5-fresh-1765243996789417000] B received (path=A,)
[iter-5-fresh-1765243996789417000] B -> C (size=4096)
[iter-5-fresh-1765243996789417000] B received (path=A,)
[iter-5-fresh-1765243996789417000] B -> C (size=4096)
[iter-5-fresh-1765243996789417000] B received (path=A,)
[iter-5-fresh-1765243996789417000] B -> C (size=4096)
[iter-6-fresh-1765244003122954000] B received (path=A,)
[iter-6-fresh-1765244003122954000] B -> C (size=4096)
[iter-6-fresh-1765244003122954000] B received (path=A,)
[iter-6-fresh-1765244003122954000] B -> C (size=4096)
[iter-6-fresh-1765244003122954000] B received (path=A,)
[iter-6-fresh-1765244003122954000] B -> C (size=4096)
[iter-7-fresh-1765244009442693000] B received (path=A,)
[iter-7-fresh-1765244009442693000] B -> C (size=4096)
[iter-7-fresh-1765244009442693000] B received (path=A,)
[iter-7-fresh-1765244009442693000] B -> C (size=4096)
[iter-7-fresh-1765244009442693000] B received (path=A,)
[iter-7-fresh-1765244009442693000] B -> C (size=4096)
[iter-8-fresh-1765244015770364000] B received (path=A,)
[iter-8-fresh-1765244015770364000] B -> C (size=4096)
[iter-8-fresh-1765244015770364000] B received (path=A,)
[iter-8-fresh-1765244015770364000] B -> C (size=4096)
[iter-8-fresh-1765244015770364000] B received (path=A,)
[iter-8-fresh-1765244015770364000] B -> C (size=4096)
[iter-9-fresh-1765244022099717000] B received (path=A,)
[iter-9-fresh-1765244022099717000] B -> C (size=4096)
[iter-9-fresh-1765244022099717000] B received (path=A,)
[iter-9-fresh-1765244022099717000] B -> C (size=4096)
[iter-9-fresh-1765244022099717000] B received (path=A,)
[iter-9-fresh-1765244022099717000] B -> C (size=4096)
[iter-10-fresh-1765244028425604000] B received (path=A,)
[iter-10-fresh-1765244028425604000] B -> C (size=4096)
[iter-10-fresh-1765244028425604000] B received (path=A,)
[iter-10-fresh-1765244028425604000] B -> C (size=4096)
[iter-10-fresh-1765244028425604000] B received (path=A,)
[iter-10-fresh-1765244028425604000] B -> C (size=4096)
[iter-11-fresh-1765244034703081000] B received (path=A,)
[iter-11-fresh-1765244034703081000] B -> C (size=4096)
[iter-11-fresh-1765244034703081000] B received (path=A,)
[iter-11-fresh-1765244034703081000] B -> C (size=4096)
[iter-11-fresh-1765244034703081000] B received (path=A,)
[iter-11-fresh-1765244034703081000] B -> C (size=4096)
[iter-12-fresh-1765244041038497000] B received (path=A,)
[iter-12-fresh-1765244041038497000] B -> C (size=4096)
[iter-12-fresh-1765244041038497000] B received (path=A,)
[iter-12-fresh-1765244041038497000] B -> C (size=4096)
[iter-12-fresh-1765244041038497000] B received (path=A,)
[iter-12-fresh-1765244041038497000] B -> C (size=4096)
[iter-13-fresh-1765244047368803000] B received (path=A,)
[iter-13-fresh-1765244047368803000] B -> C (size=4096)
[iter-13-fresh-1765244047368803000] B received (path=A,)
[iter-13-fresh-1765244047368803000] B -> C (size=4096)
[iter-13-fresh-1765244047368803000] B received (path=A,)
[iter-13-fresh-1765244047368803000] B -> C (size=4096)
[iter-14-fresh-1765244053696520000] B received (path=A,)
[iter-14-fresh-1765244053696520000] B -> C (size=4096)
[iter-14-fresh-1765244053696520000] B received (path=A,)
[iter-14-fresh-1765244053696520000] B -> C (size=4096)
[iter-14-fresh-1765244053696520000] B received (path=A,)
[iter-14-fresh-1765244053696520000] B -> C (size=4096)
[iter-15-fresh-1765244060044422000] B received (path=A,)
[iter-15-fresh-1765244060044422000] B -> C (size=4096)
[iter-15-fresh-1765244060044422000] B received (path=A,)
[iter-15-fresh-1765244060044422000] B -> C (size=4096)
[iter-15-fresh-1765244060044422000] B received (path=A,)
[iter-15-fresh-1765244060044422000] B -> C (size=4096)
[iter-16-fresh-1765244066371070000] B received (path=A,)
[iter-16-fresh-1765244066371070000] B -> C (size=4096)
[iter-16-fresh-1765244066371070000] B received (path=A,)
[iter-16-fresh-1765244066371070000] B -> C (size=4096)
[iter-16-fresh-1765244066371070000] B received (path=A,)
[iter-16-fresh-1765244066371070000] B -> C (size=4096)
[iter-17-fresh-1765244072692288000] B received (path=A,)
[iter-17-fresh-1765244072692288000] B -> C (size=4096)
[iter-17-fresh-1765244072692288000] B received (path=A,)
[iter-17-fresh-1765244072692288000] B -> C (size=4096)
[iter-17-fresh-1765244072692288000] B received (path=A,)
[iter-17-fresh-1765244072692288000] B -> C (size=4096)
[iter-18-fresh-1765244079027758000] B received (path=A,)
[iter-18-fresh-1765244079027758000] B -> C (size=4096)
[iter-18-fresh-1765244079027758000] B received (path=A,)
[iter-18-fresh-1765244079027758000] B -> C (size=4096)
[iter-18-fresh-1765244079027758000] B received (path=A,)
[iter-18-fresh-1765244079027758000] B -> C (size=4096)
[iter-19-fresh-1765244085352838000] B received (path=A,)
[iter-19-fresh-1765244085352838000] B -> C (size=4096)
[iter-19-fresh-1765244085352838000] B received (path=A,)
[iter-19-fresh-1765244085352838000] B -> C (size=4096)
[iter-19-fresh-1765244085352838000] B received (path=A,)
[iter-19-fresh-1765244085352838000] B -> C (size=4096)
[iter-20-fresh-1765244091668766000] B received (path=A,)
[iter-20-fresh-1765244091668766000] B -> C (size=4096)
[iter-20-fresh-1765244091668766000] B received (path=A,)
[iter-20-fresh-1765244091668766000] B -> C (size=4096)
[iter-20-fresh-1765244091668766000] B received (path=A,)
[iter-20-fresh-1765244091668766000] B -> C (size=4096)
[iter-21-fresh-1765244098001294000] B received (path=A,)
[iter-21-fresh-1765244098001294000] B -> C (size=4096)
[iter-21-fresh-1765244098001294000] B received (path=A,)
[iter-21-fresh-1765244098001294000] B -> C (size=4096)
[iter-22-fresh-1765244103215705000] B received (path=A,)
[iter-22-fresh-1765244103215705000] B -> C (size=4096)
[iter-22-fresh-1765244103215705000] B received (path=A,)
[iter-22-fresh-1765244103215705000] B -> C (size=4096)
[iter-22-fresh-1765244103215705000] B received (path=A,)
[iter-22-fresh-1765244103215705000] B -> C (size=4096)
[iter-23-fresh-1765244109520188000] B received (path=A,)
[iter-23-fresh-1765244109520188000] B -> C (size=4096)
[iter-23-fresh-1765244109520188000] B received (path=A,)
[iter-23-fresh-1765244109520188000] B -> C (size=4096)
[iter-23-fresh-1765244109520188000] B received (path=A,)
[iter-23-fresh-1765244109520188000] B -> C (size=4096)
[iter-24-fresh-1765244115865710000] B received (path=A,)
[iter-24-fresh-1765244115865710000] B -> C (size=4096)
[iter-24-fresh-1765244115865710000] B received (path=A,)
[iter-24-fresh-1765244115865710000] B -> C (size=4096)
[iter-25-fresh-1765244121069953000] B received (path=A,)
[iter-25-fresh-1765244121069953000] B -> C (size=4096)
[iter-25-fresh-1765244121069953000] B received (path=A,)
[iter-25-fresh-1765244121069953000] B -> C (size=4096)
[iter-26-fresh-1765244126289399000] B received (path=A,)
[iter-26-fresh-1765244126289399000] B -> C (size=4096)
[iter-26-fresh-1765244126289399000] B received (path=A,)
[iter-26-fresh-1765244126289399000] B -> C (size=4096)
[iter-26-fresh-1765244126289399000] B received (path=A,)
[iter-26-fresh-1765244126289399000] B -> C (size=4096)
[iter-27-fresh-1765244132629156000] B received (path=A,)
[iter-27-fresh-1765244132629156000] B -> C (size=4096)
[iter-27-fresh-1765244132629156000] B received (path=A,)
[iter-27-fresh-1765244132629156000] B -> C (size=4096)
[iter-27-fresh-1765244132629156000] B received (path=A,)
[iter-27-fresh-1765244132629156000] B -> C (size=4096)
[iter-28-fresh-1765244138972480000] B received (path=A,)
[iter-28-fresh-1765244138972480000] B -> C (size=4096)
[iter-28-fresh-1765244138972480000] B received (path=A,)
[iter-28-fresh-1765244138972480000] B -> C (size=4096)
[iter-28-fresh-1765244138972480000] B received (path=A,)
[iter-28-fresh-1765244138972480000] B -> C (size=4096)
[iter-29-fresh-1765244145284953000] B received (path=A,)
[iter-29-fresh-1765244145284953000] B -> C (size=4096)
[iter-29-fresh-1765244145284953000] B received (path=A,)
[iter-29-fresh-1765244145284953000] B -> C (size=4096)
[iter-29-fresh-1765244145284953000] B received (path=A,)
[iter-29-fresh-1765244145284953000] B -> C (size=4096)
[iter-30-fresh-1765244151615130000] B received (path=A,)
[iter-30-fresh-1765244151615130000] B -> C (size=4096)
[iter-30-fresh-1765244151615130000] B received (path=A,)
[iter-30-fresh-1765244151615130000] B -> C (size=4096)
[iter-30-fresh-1765244151615130000] B received (path=A,)
[iter-30-fresh-1765244151615130000] B -> C (size=4096)
[iter-31-fresh-1765244157937771000] B received (path=A,)
[iter-31-fresh-1765244157937771000] B -> C (size=4096)
[iter-31-fresh-1765244157937771000] B received (path=A,)
[iter-31-fresh-1765244157937771000] B -> C (size=4096)
[iter-31-fresh-1765244157937771000] B received (path=A,)
[iter-31-fresh-1765244157937771000] B -> C (size=4096)
[iter-32-fresh-1765244164281859000] B received (path=A,)
[iter-32-fresh-1765244164281859000] B -> C (size=4096)
[iter-32-fresh-1765244164281859000] B received (path=A,)
[iter-32-fresh-1765244164281859000] B -> C (size=4096)
[iter-32-fresh-1765244164281859000] B received (path=A,)
[iter-32-fresh-1765244164281859000] B -> C (size=4096)
[iter-33-fresh-1765244170595670000] B received (path=A,)
[iter-33-fresh-1765244170595670000] B -> C (size=4096)
[iter-33-fresh-1765244170595670000] B received (path=A,)
[iter-33-fresh-1765244170595670000] B -> C (size=4096)
[iter-33-fresh-1765244170595670000] B received (path=A,)
[iter-33-fresh-1765244170595670000] B -> C (size=4096)
[iter-34-fresh-1765244176933774000] B received (path=A,)
[iter-34-fresh-1765244176933774000] B -> C (size=4096)
[iter-34-fresh-1765244176933774000] B received (path=A,)
[iter-34-fresh-1765244176933774000] B -> C (size=4096)
[iter-34-fresh-1765244176933774000] B received (path=A,)
[iter-34-fresh-1765244176933774000] B -> C (size=4096)
[iter-35-fresh-1765244183265835000] B received (path=A,)
[iter-35-fresh-1765244183265835000] B -> C (size=4096)
[iter-35-fresh-1765244183265835000] B received (path=A,)
[iter-35-fresh-1765244183265835000] B -> C (size=4096)
[iter-35-fresh-1765244183265835000] B received (path=A,)
[iter-35-fresh-1765244183265835000] B -> C (size=4096)
[iter-36-fresh-1765244189577373000] B received (path=A,)
[iter-36-fresh-1765244189577373000] B -> C (size=4096)
[iter-36-fresh-1765244189577373000] B received (path=A,)
[iter-36-fresh-1765244189577373000] B -> C (size=4096)
[iter-36-fresh-1765244189577373000] B received (path=A,)
[iter-36-fresh-1765244189577373000] B -> C (size=4096)
[iter-37-fresh-1765244195876371000] B received (path=A,)
[iter-37-fresh-1765244195876371000] B -> C (size=4096)
[iter-37-fresh-1765244195876371000] B received (path=A,)
[iter-37-fresh-1765244195876371000] B -> C (size=4096)
[iter-37-fresh-1765244195876371000] B received (path=A,)
[iter-37-fresh-1765244195876371000] B -> C (size=4096)
[iter-38-fresh-1765244202214325000] B received (path=A,)
[iter-38-fresh-1765244202214325000] B -> C (size=4096)
[iter-38-fresh-1765244202214325000] B received (path=A,)
[iter-38-fresh-1765244202214325000] B -> C (size=4096)
[iter-38-fresh-1765244202214325000] B received (path=A,)
[iter-38-fresh-1765244202214325000] B -> C (size=4096)
[iter-39-fresh-1765244208532986000] B received (path=A,)
[iter-39-fresh-1765244208532986000] B -> C (size=4096)
[iter-39-fresh-1765244208532986000] B received (path=A,)
[iter-39-fresh-1765244208532986000] B -> C (size=4096)
[iter-39-fresh-1765244208532986000] B received (path=A,)
[iter-39-fresh-1765244208532986000] B -> C (size=4096)
[iter-40-fresh-1765244214840209000] B received (path=A,)
[iter-40-fresh-1765244214840209000] B -> C (size=4096)
[iter-40-fresh-1765244214840209000] B received (path=A,)
[iter-40-fresh-1765244214840209000] B -> C (size=4096)
[iter-40-fresh-1765244214840209000] B received (path=A,)
[iter-40-fresh-1765244214840209000] B -> C (size=4096)
[iter-41-fresh-1765244221176387000] B received (path=A,)
[iter-41-fresh-1765244221176387000] B -> C (size=4096)
[iter-41-fresh-1765244221176387000] B received (path=A,)
[iter-41-fresh-1765244221176387000] B -> C (size=4096)
[iter-41-fresh-1765244221176387000] B received (path=A,)
[iter-41-fresh-1765244221176387000] B -> C (size=4096)
[iter-42-fresh-1765244227518561000] B received (path=A,)
[iter-42-fresh-1765244227518561000] B -> C (size=4096)
[iter-42-fresh-1765244227518561000] B received (path=A,)
[iter-42-fresh-1765244227518561000] B -> C (size=4096)
[iter-42-fresh-1765244227518561000] B received (path=A,)
[iter-42-fresh-1765244227518561000] B -> C (size=4096)
[iter-43-fresh-1765244233834691000] B received (path=A,)
[iter-43-fresh-1765244233834691000] B -> C (size=4096)
[iter-43-fresh-1765244233834691000] B received (path=A,)
[iter-43-fresh-1765244233834691000] B -> C (size=4096)
[iter-43-fresh-1765244233834691000] B received (path=A,)
[iter-43-fresh-1765244233834691000] B -> C (size=4096)
[iter-44-fresh-1765244240173464000] B received (path=A,)
[iter-44-fresh-1765244240173464000] B -> C (size=4096)
[iter-44-fresh-1765244240173464000] B received (path=A,)
[iter-44-fresh-1765244240173464000] B -> C (size=4096)
[iter-44-fresh-1765244240173464000] B received (path=A,)
[iter-44-fresh-1765244240173464000] B -> C (size=4096)
[iter-45-fresh-1765244246513510000] B received (path=A,)
[iter-45-fresh-1765244246513510000] B -> C (size=4096)
[iter-45-fresh-1765244246513510000] B received (path=A,)
[iter-45-fresh-1765244246513510000] B -> C (size=4096)
[iter-45-fresh-1765244246513510000] B received (path=A,)
[iter-45-fresh-1765244246513510000] B -> C (size=4096)
[iter-46-fresh-1765244252837223000] B received (path=A,)
[iter-46-fresh-1765244252837223000] B -> C (size=4096)
[iter-46-fresh-1765244252837223000] B received (path=A,)
[iter-46-fresh-1765244252837223000] B -> C (size=4096)
[iter-46-fresh-1765244252837223000] B received (path=A,)
[iter-46-fresh-1765244252837223000] B -> C (size=4096)
[iter-47-fresh-1765244259170862000] B received (path=A,)
[iter-47-fresh-1765244259170862000] B -> C (size=4096)
[iter-47-fresh-1765244259170862000] B received (path=A,)
[iter-47-fresh-1765244259170862000] B -> C (size=4096)
[iter-47-fresh-1765244259170862000] B received (path=A,)
[iter-47-fresh-1765244259170862000] B -> C (size=4096)
[iter-48-fresh-1765244265512396000] B received (path=A,)
[iter-48-fresh-1765244265512396000] B -> C (size=4096)
[iter-48-fresh-1765244265512396000] B received (path=A,)
[iter-48-fresh-1765244265512396000] B -> C (size=4096)
[iter-48-fresh-1765244265512396000] B received (path=A,)
[iter-48-fresh-1765244265512396000] B -> C (size=4096)
[iter-49-fresh-1765244271840700000] B received (path=A,)
[iter-49-fresh-1765244271840700000] B -> C (size=4096)
[iter-49-fresh-1765244271840700000] B received (path=A,)
[iter-49-fresh-1765244271840700000] B -> C (size=4096)
[iter-49-fresh-1765244271840700000] B received (path=A,)
[iter-49-fresh-1765244271840700000] B -> C (size=4096)
[iter-50-fresh-1765244278170661000] B received (path=A,)
[iter-50-fresh-1765244278170661000] B -> C (size=4096)
[iter-50-fresh-1765244278170661000] B received (path=A,)
[iter-50-fresh-1765244278170661000] B -> C (size=4096)
[iter-50-fresh-1765